app/api/db-status/route.ts(2,26): error TS2305: Module '"../../../lib/db"' has no exported member 'isDatabaseReady'.
app/api/products/route.ts(2,26): error TS2305: Module '"../../../lib/products"' has no exported member 'getProductsByCategory'.
app/api/products/route.ts(20,7): error TS2322: Type '{ id: any; name: string; price: number; isActive: number | null; }[]' is not assignable to type '{ id: number; name: string; createdAt: Date; price: string; isActive: number; description: string | null; image: string | null; category: string | null; }[]'.
  Type '{ id: any; name: string; price: number; isActive: number | null; }' is missing the following properties from type '{ id: number; name: string; createdAt: Date; price: string; isActive: number; description: string | null; image: string | null; category: string | null; }': createdAt, description, image, category
app/api/reservations/route.ts(2,10): error TS2305: Module '"../../../lib/products"' has no exported member 'createReservation'.
app/api/reservations/route.ts(2,29): error TS2305: Module '"../../../lib/products"' has no exported member 'getAllReservations'.
app/dashboard/page.tsx(2,10): error TS2305: Module '"../../lib/auth"' has no exported member 'auth'.
app/dashboard/page.tsx(4,10): error TS2305: Module '"../../lib/products"' has no exported member 'getOrdersByUser'.
app/manager/page.tsx(1,10): error TS2305: Module '"../../lib/auth"' has no exported member 'auth'.
app/orders/page.tsx(2,10): error TS2305: Module '"../../lib/auth"' has no exported member 'auth'.
app/orders/page.tsx(4,10): error TS2305: Module '"../../lib/products"' has no exported member 'getUserOrders'.
app/page.tsx(177,32): error TS2322: Type '{ isOpen: boolean; onClose: () => void; }' is not assignable to type 'IntrinsicAttributes'.
  Property 'isOpen' does not exist on type 'IntrinsicAttributes'.
app/profile/page.tsx(2,10): error TS2305: Module '"../../lib/auth"' has no exported member 'auth'.
app/profile/page.tsx(4,10): error TS2305: Module '"../../lib/products"' has no exported member 'getUserOrders'.
drizzle.config.ts(6,3): error TS2322: Type '"better-sqlite3"' is not assignable to type '"d1"'.
drizzle.config.ts(7,20): error TS2353: Object literal may only specify known properties, and 'url' does not exist in type '{ wranglerConfigPath: string; dbName: string; }'.
lib/auth.ts(1,10): error TS2614: Module '"next-auth"' has no exported member 'NextAuthOptions'. Did you mean to use 'import NextAuthOptions from "next-auth"' instead?
lib/auth.ts(11,17): error TS7031: Binding element 'session' implicitly has an 'any' type.
lib/auth.ts(11,26): error TS7031: Binding element 'token' implicitly has an 'any' type.
lib/content.ts(3,20): error TS2307: Cannot find module 'gray-matter' or its corresponding type declarations.
lib/schema.ts(5,34): error TS2339: Property 'generatedAlwaysAsIdentity' does not exist on type 'NotNull<PgIntegerBuilderInitial<"id">>'.
lib/schema.ts(17,34): error TS2339: Property 'generatedAlwaysAsIdentity' does not exist on type 'NotNull<PgIntegerBuilderInitial<"id">>'.
middleware.ts(2,10): error TS2305: Module '"./lib/auth"' has no exported member 'auth'.
middleware.ts(5,22): error TS7006: Parameter 'req' implicitly has an 'any' type.
